Archive member included to satisfy reference by file (symbol)

d:/program files/atollic/truestudio for stm32 9.3.0/armtools/bin/../lib/gcc/arm-atollic-eabi/6.3.1/../../../../arm-atollic-eabi/lib/armv7-m\libc_nano.a(lib_a-errno.o)
                              Core\Src\syscalls.o (__errno)
d:/program files/atollic/truestudio for stm32 9.3.0/armtools/bin/../lib/gcc/arm-atollic-eabi/6.3.1/../../../../arm-atollic-eabi/lib/armv7-m\libc_nano.a(lib_a-impure.o)
                              d:/program files/atollic/truestudio for stm32 9.3.0/armtools/bin/../lib/gcc/arm-atollic-eabi/6.3.1/../../../../arm-atollic-eabi/lib/armv7-m\libc_nano.a(lib_a-errno.o) (_impure_ptr)
d:/program files/atollic/truestudio for stm32 9.3.0/armtools/bin/../lib/gcc/arm-atollic-eabi/6.3.1/../../../../arm-atollic-eabi/lib/armv7-m\libc_nano.a(lib_a-init.o)
                              startup\startup_stm32f103xb.o (__libc_init_array)
d:/program files/atollic/truestudio for stm32 9.3.0/armtools/bin/../lib/gcc/arm-atollic-eabi/6.3.1/../../../../arm-atollic-eabi/lib/armv7-m\libc_nano.a(lib_a-memset.o)
                              Core\Src\adc.o (memset)
d:/program files/atollic/truestudio for stm32 9.3.0/armtools/bin/../lib/gcc/arm-atollic-eabi/6.3.1/armv7-m\libgcc.a(_lshrdi3.o)
                              Drivers\STM32F1xx_HAL_Driver\Src\stm32f1xx_hal_flash.o (__aeabi_llsr)
d:/program files/atollic/truestudio for stm32 9.3.0/armtools/bin/../lib/gcc/arm-atollic-eabi/6.3.1/armv7-m\libgcc.a(_arm_addsubsf3.o)
                              Core\Src\main.o (__aeabi_fadd)
d:/program files/atollic/truestudio for stm32 9.3.0/armtools/bin/../lib/gcc/arm-atollic-eabi/6.3.1/armv7-m\libgcc.a(_arm_muldivsf3.o)
                              Core\Src\main.o (__aeabi_fmul)

Allocating common symbols
Common symbol       size              file

wynik               0x4               Core\Src\main.o
htim4               0x40              Core\Src\tim.o
uwTick              0x4               Drivers\STM32F1xx_HAL_Driver\Src\stm32f1xx_hal.o
pFlash              0x20              Drivers\STM32F1xx_HAL_Driver\Src\stm32f1xx_hal_flash.o
htim3               0x40              Core\Src\tim.o
hadc1               0x30              Core\Src\adc.o
hdma_adc1           0x44              Core\Src\adc.o
huart2              0x40              Core\Src\usart.o

Discarded input sections

 .text          0x00000000        0x0 d:/program files/atollic/truestudio for stm32 9.3.0/armtools/bin/../lib/gcc/arm-atollic-eabi/6.3.1/armv7-m/crti.o
 .data          0x00000000        0x0 d:/program files/atollic/truestudio for stm32 9.3.0/armtools/bin/../lib/gcc/arm-atollic-eabi/6.3.1/armv7-m/crti.o
 .bss           0x00000000        0x0 d:/program files/atollic/truestudio for stm32 9.3.0/armtools/bin/../lib/gcc/arm-atollic-eabi/6.3.1/armv7-m/crti.o
 .data          0x00000000        0x4 d:/program files/atollic/truestudio for stm32 9.3.0/armtools/bin/../lib/gcc/arm-atollic-eabi/6.3.1/armv7-m/crtbegin.o
 .text          0x00000000        0x0 Core\Src\adc.o
 .data          0x00000000        0x0 Core\Src\adc.o
 .bss           0x00000000        0x0 Core\Src\adc.o
 .text.HAL_ADC_MspDeInit
                0x00000000       0x38 Core\Src\adc.o
 .text          0x00000000        0x0 Core\Src\dma.o
 .data          0x00000000        0x0 Core\Src\dma.o
 .bss           0x00000000        0x0 Core\Src\dma.o
 .text          0x00000000        0x0 Core\Src\gpio.o
 .data          0x00000000        0x0 Core\Src\gpio.o
 .bss           0x00000000        0x0 Core\Src\gpio.o
 .text          0x00000000        0x0 Core\Src\main.o
 .data          0x00000000        0x0 Core\Src\main.o
 .bss           0x00000000        0x0 Core\Src\main.o
 .text          0x00000000        0x0 Core\Src\stm32f1xx_hal_msp.o
 .data          0x00000000        0x0 Core\Src\stm32f1xx_hal_msp.o
 .bss           0x00000000        0x0 Core\Src\stm32f1xx_hal_msp.o
 .text          0x00000000        0x0 Core\Src\stm32f1xx_it.o
 .data          0x00000000        0x0 Core\Src\stm32f1xx_it.o
 .bss           0x00000000        0x0 Core\Src\stm32f1xx_it.o
 .text          0x00000000        0x0 Core\Src\sys.o
 .data          0x00000000        0x0 Core\Src\sys.o
 .bss           0x00000000        0x0 Core\Src\sys.o
 .text.MX_SYS_Init
                0x00000000       0x14 Core\Src\sys.o
 .debug_info    0x00000000      0x1fd Core\Src\sys.o
 .debug_abbrev  0x00000000       0xea Core\Src\sys.o
 .debug_aranges
                0x00000000       0x20 Core\Src\sys.o
 .debug_ranges  0x00000000       0x10 Core\Src\sys.o
 .debug_line    0x00000000      0x1cd Core\Src\sys.o
 .debug_str     0x00000000      0x2a5 Core\Src\sys.o
 .comment       0x00000000       0x7d Core\Src\sys.o
 .debug_frame   0x00000000       0x20 Core\Src\sys.o
 .ARM.attributes
                0x00000000       0x33 Core\Src\sys.o
 .text          0x00000000        0x0 Core\Src\syscalls.o
 .data          0x00000000        0x0 Core\Src\syscalls.o
 .bss           0x00000000        0x0 Core\Src\syscalls.o
[...]
Memory Configuration

Name             Origin             Length             Attributes
RAM              0x20000000         0x00005000         xrw
FLASH            0x08000000         0x00020000         xr
*default*        0x00000000         0xffffffff

Linker script and memory map

LOAD d:/program files/atollic/truestudio for stm32 9.3.0/armtools/bin/../lib/gcc/arm-atollic-eabi/6.3.1/armv7-m/crti.o
LOAD d:/program files/atollic/truestudio for stm32 9.3.0/armtools/bin/../lib/gcc/arm-atollic-eabi/6.3.1/armv7-m/crtbegin.o
LOAD Core\Src\adc.o
LOAD Core\Src\dma.o
LOAD Core\Src\gpio.o
LOAD Core\Src\main.o
LOAD Core\Src\stm32f1xx_hal_msp.o
LOAD Core\Src\stm32f1xx_it.o
LOAD Core\Src\sys.o
LOAD Core\Src\syscalls.o
LOAD Core\Src\system_stm32f1xx.o
LOAD Core\Src\tim.o
LOAD Core\Src\usart.o
LOAD Drivers\STM32F1xx_HAL_Driver\Src\stm32f1xx_hal.o
LOAD Drivers\STM32F1xx_HAL_Driver\Src\stm32f1xx_hal_adc.o
LOAD Drivers\STM32F1xx_HAL_Driver\Src\stm32f1xx_hal_adc_ex.o
LOAD Drivers\STM32F1xx_HAL_Driver\Src\stm32f1xx_hal_cortex.o
LOAD Drivers\STM32F1xx_HAL_Driver\Src\stm32f1xx_hal_dma.o
LOAD Drivers\STM32F1xx_HAL_Driver\Src\stm32f1xx_hal_exti.o
LOAD Drivers\STM32F1xx_HAL_Driver\Src\stm32f1xx_hal_flash.o
LOAD Drivers\STM32F1xx_HAL_Driver\Src\stm32f1xx_hal_flash_ex.o
LOAD Drivers\STM32F1xx_HAL_Driver\Src\stm32f1xx_hal_gpio.o
LOAD Drivers\STM32F1xx_HAL_Driver\Src\stm32f1xx_hal_gpio_ex.o
LOAD Drivers\STM32F1xx_HAL_Driver\Src\stm32f1xx_hal_pwr.o
LOAD Drivers\STM32F1xx_HAL_Driver\Src\stm32f1xx_hal_rcc.o
LOAD Drivers\STM32F1xx_HAL_Driver\Src\stm32f1xx_hal_rcc_ex.o
LOAD Drivers\STM32F1xx_HAL_Driver\Src\stm32f1xx_hal_tim.o
LOAD Drivers\STM32F1xx_HAL_Driver\Src\stm32f1xx_hal_tim_ex.o
LOAD Drivers\STM32F1xx_HAL_Driver\Src\stm32f1xx_hal_uart.o
LOAD startup\startup_stm32f103xb.o
                0x00000080                malloc_getpagesize_P = 0x80
START GROUP
LOAD d:/program files/atollic/truestudio for stm32 9.3.0/armtools/bin/../lib/gcc/arm-atollic-eabi/6.3.1/../../../../arm-atollic-eabi/lib/armv7-m\libc_nano.a
LOAD d:/program files/atollic/truestudio for stm32 9.3.0/armtools/bin/../lib/gcc/arm-atollic-eabi/6.3.1/../../../../arm-atollic-eabi/lib/armv7-m\libm.a
END GROUP
START GROUP
LOAD d:/program files/atollic/truestudio for stm32 9.3.0/armtools/bin/../lib/gcc/arm-atollic-eabi/6.3.1/armv7-m\libgcc.a
LOAD d:/program files/atollic/truestudio for stm32 9.3.0/armtools/bin/../lib/gcc/arm-atollic-eabi/6.3.1/../../../../arm-atollic-eabi/lib/armv7-m\libc_nano.a
END GROUP
START GROUP
LOAD d:/program files/atollic/truestudio for stm32 9.3.0/armtools/bin/../lib/gcc/arm-atollic-eabi/6.3.1/armv7-m\libgcc.a
LOAD d:/program files/atollic/truestudio for stm32 9.3.0/armtools/bin/../lib/gcc/arm-atollic-eabi/6.3.1/../../../../arm-atollic-eabi/lib/armv7-m\libc_nano.a
LOAD d:/program files/atollic/truestudio for stm32 9.3.0/armtools/bin/../lib/gcc/arm-atollic-eabi/6.3.1/../../../../arm-atollic-eabi/lib/armv7-m\libnosys.a
END GROUP
START GROUP
LOAD d:/program files/atollic/truestudio for stm32 9.3.0/armtools/bin/../lib/gcc/arm-atollic-eabi/6.3.1/armv7-m\libgcc.a
LOAD d:/program files/atollic/truestudio for stm32 9.3.0/armtools/bin/../lib/gcc/arm-atollic-eabi/6.3.1/../../../../arm-atollic-eabi/lib/armv7-m\libc_nano.a
LOAD d:/program files/atollic/truestudio for stm32 9.3.0/armtools/bin/../lib/gcc/arm-atollic-eabi/6.3.1/../../../../arm-atollic-eabi/lib/armv7-m\libnosys.a
END GROUP
LOAD d:/program files/atollic/truestudio for stm32 9.3.0/armtools/bin/../lib/gcc/arm-atollic-eabi/6.3.1/armv7-m/crtend.o
LOAD d:/program files/atollic/truestudio for stm32 9.3.0/armtools/bin/../lib/gcc/arm-atollic-eabi/6.3.1/armv7-m/crtn.o
                0x20005000                _estack = 0x20005000
                0x00000200                _Min_Heap_Size = 0x200
                0x00000400                _Min_Stack_Size = 0x400

.isr_vector     0x08000000      0x10c
                0x08000000                . = ALIGN (0x4)
 *(.isr_vector)
 .isr_vector    0x08000000      0x10c startup\startup_stm32f103xb.o
                0x08000000                g_pfnVectors
                0x0800010c                . = ALIGN (0x4)

.text           0x0800010c     0x2040
                0x0800010c                . = ALIGN (0x4)
 *(.text)
 .text          0x0800010c       0x40 d:/program files/atollic/truestudio for stm32 9.3.0/armtools/bin/../lib/gcc/arm-atollic-eabi/6.3.1/armv7-m/crtbegin.o
 .text          0x0800014c      0x21c d:/program files/atollic/truestudio for stm32 9.3.0/armtools/bin/../lib/gcc/arm-atollic-eabi/6.3.1/armv7-m\libgcc.a(_arm_addsubsf3.o)
                0x0800014c                __aeabi_frsub
                0x08000154                __subsf3
                0x08000154                __aeabi_fsub
                0x08000158                __aeabi_fadd
                0x08000158                __addsf3
                0x080002b8                __aeabi_ui2f
                0x080002b8                __floatunsisf
                0x080002c0                __aeabi_i2f
                0x080002c0                __floatsisf
                0x080002dc                __aeabi_ul2f
                0x080002dc                __floatundisf
                0x080002ec                __aeabi_l2f
                0x080002ec                __floatdisf
 .text          0x08000368      0x2a0 d:/program files/atollic/truestudio for stm32 9.3.0/armtools/bin/../lib/gcc/arm-atollic-eabi/6.3.1/armv7-m\libgcc.a(_arm_muldivsf3.o)
                0x08000368                __mulsf3
                0x08000368                __aeabi_fmul
                0x080004d0                __aeabi_fdiv
                0x080004d0                __divsf3
 *(.text*)
 .text.MX_ADC1_Init
                0x08000608       0x50 Core\Src\adc.o
                0x08000608                MX_ADC1_Init
 .text.HAL_ADC_MspInit
                0x08000658       0x98 Core\Src\adc.o
                0x08000658                HAL_ADC_MspInit
 .text.MX_DMA_Init
                0x080006f0       0x30 Core\Src\dma.o
                0x080006f0                MX_DMA_Init
 .text.MX_GPIO_Init
                0x08000720      0x100 Core\Src\gpio.o
                0x08000720                MX_GPIO_Init
 .text.SystemClock_Config
                0x08000820       0x6c Core\Src\main.o
                0x08000820                SystemClock_Config
 .text.startup.main
                0x0800088c       0x40 Core\Src\main.o
                0x0800088c                main
 .text.HAL_SYSTICK_Callback
                0x080008cc       0xa0 Core\Src\main.o
                0x080008cc                HAL_SYSTICK_Callback
 .text.Error_Handler
                0x0800096c        0x2 Core\Src\main.o
                0x0800096c                Error_Handler
 *fill*         0x0800096e        0x2 
 .text.HAL_MspInit
                0x08000970       0x44 Core\Src\stm32f1xx_hal_msp.o
                0x08000970                HAL_MspInit
 .text.NMI_Handler
                0x080009b4        0x2 Core\Src\stm32f1xx_it.o
                0x080009b4                NMI_Handler
 .text.HardFault_Handler
                0x080009b6        0x2 Core\Src\stm32f1xx_it.o
                0x080009b6                HardFault_Handler
 .text.MemManage_Handler
                0x080009b8        0x2 Core\Src\stm32f1xx_it.o
                0x080009b8                MemManage_Handler
 .text.BusFault_Handler
                0x080009ba        0x2 Core\Src\stm32f1xx_it.o
                0x080009ba                BusFault_Handler
 .text.UsageFault_Handler
                0x080009bc        0x2 Core\Src\stm32f1xx_it.o
                0x080009bc                UsageFault_Handler
 .text.SVC_Handler
                0x080009be        0x2 Core\Src\stm32f1xx_it.o
                0x080009be                SVC_Handler
 .text.DebugMon_Handler
                0x080009c0        0x2 Core\Src\stm32f1xx_it.o
                0x080009c0                DebugMon_Handler
 .text.PendSV_Handler
                0x080009c2        0x2 Core\Src\stm32f1xx_it.o
                0x080009c2                PendSV_Handler
 .text.SysTick_Handler
                0x080009c4        0xe Core\Src\stm32f1xx_it.o
                0x080009c4                SysTick_Handler
 *fill*         0x080009d2        0x2 
 .text.DMA1_Channel1_IRQHandler
                0x080009d4        0xc Core\Src\stm32f1xx_it.o
                0x080009d4                DMA1_Channel1_IRQHandler
 .text.EXTI15_10_IRQHandler
                0x080009e0        0x8 Core\Src\stm32f1xx_it.o
                0x080009e0                EXTI15_10_IRQHandler
 .text.SystemInit
                0x080009e8       0x4c Core\Src\system_stm32f1xx.o
                0x080009e8                SystemInit
 .text.MX_TIM3_Init
                0x08000a34       0x6c Core\Src\tim.o
                0x08000a34                MX_TIM3_Init
 .text.MX_TIM4_Init
                0x08000aa0       0x68 Core\Src\tim.o
                0x08000aa0                MX_TIM4_Init
 .text.HAL_TIM_Base_MspInit
                0x08000b08       0x28 Core\Src\tim.o
                0x08000b08                HAL_TIM_Base_MspInit
 .text.HAL_TIM_OC_MspInit
                0x08000b30       0x28 Core\Src\tim.o
                0x08000b30                HAL_TIM_OC_MspInit
 .text.MX_USART2_UART_Init
                0x08000b58       0x38 Core\Src\usart.o
                0x08000b58                MX_USART2_UART_Init
 .text.HAL_UART_MspInit
                0x08000b90       0x60 Core\Src\usart.o
                0x08000b90                HAL_UART_MspInit
 .text.HAL_InitTick
                0x08000bf0       0x48 Drivers\STM32F1xx_HAL_Driver\Src\stm32f1xx_hal.o
                0x08000bf0                HAL_InitTick
 .text.HAL_Init
                0x08000c38       0x24 Drivers\STM32F1xx_HAL_Driver\Src\stm32f1xx_hal.o
                0x08000c38                HAL_Init
 .text.HAL_IncTick
                0x08000c5c       0x18 Drivers\STM32F1xx_HAL_Driver\Src\stm32f1xx_hal.o
                0x08000c5c                HAL_IncTick
 .text.HAL_GetTick
                0x08000c74        0xc Drivers\STM32F1xx_HAL_Driver\Src\stm32f1xx_hal.o
                0x08000c74                HAL_GetTick
 .text.HAL_ADC_ConvCpltCallback
                0x08000c80        0x2 Drivers\STM32F1xx_HAL_Driver\Src\stm32f1xx_hal_adc.o
                0x08000c80                HAL_ADC_ConvCpltCallback
 .text.ADC_DMAConvCplt
                0x08000c82       0x4e Drivers\STM32F1xx_HAL_Driver\Src\stm32f1xx_hal_adc.o
                0x08000c82                ADC_DMAConvCplt
 .text.HAL_ADC_ConvHalfCpltCallback
                0x08000cd0        0x2 Drivers\STM32F1xx_HAL_Driver\Src\stm32f1xx_hal_adc.o
                0x08000cd0                HAL_ADC_ConvHalfCpltCallback
 .text.ADC_DMAHalfConvCplt
                0x08000cd2        0xa Drivers\STM32F1xx_HAL_Driver\Src\stm32f1xx_hal_adc.o
                0x08000cd2                ADC_DMAHalfConvCplt
 .text.HAL_ADC_ErrorCallback
                0x08000cdc        0x2 Drivers\STM32F1xx_HAL_Driver\Src\stm32f1xx_hal_adc.o
                0x08000cdc                HAL_ADC_ErrorCallback
 .text.ADC_DMAError
                0x08000cde       0x1a Drivers\STM32F1xx_HAL_Driver\Src\stm32f1xx_hal_adc.o
                0x08000cde                ADC_DMAError
 .text.HAL_ADC_ConfigChannel
                0x08000cf8      0x108 Drivers\STM32F1xx_HAL_Driver\Src\stm32f1xx_hal_adc.o
                0x08000cf8                HAL_ADC_ConfigChannel
 .text.ADC_Enable
                0x08000e00       0x70 Drivers\STM32F1xx_HAL_Driver\Src\stm32f1xx_hal_adc.o
                0x08000e00                ADC_Enable
 .text.HAL_ADC_Start_DMA
                0x08000e70      0x11c Drivers\STM32F1xx_HAL_Driver\Src\stm32f1xx_hal_adc.o
                0x08000e70                HAL_ADC_Start_DMA
 .text.ADC_ConversionStop_Disable
                0x08000f8c       0x44 Drivers\STM32F1xx_HAL_Driver\Src\stm32f1xx_hal_adc.o
                0x08000f8c                ADC_ConversionStop_Disable
 .text.HAL_ADC_Init
                0x08000fd0      0x100 Drivers\STM32F1xx_HAL_Driver\Src\stm32f1xx_hal_adc.o
                0x08000fd0                HAL_ADC_Init
 .text.HAL_NVIC_SetPriorityGrouping
                0x080010d0       0x24 Drivers\STM32F1xx_HAL_Driver\Src\stm32f1xx_hal_cortex.o
                0x080010d0                HAL_NVIC_SetPriorityGrouping
 .text.HAL_NVIC_SetPriority
                0x080010f4       0x68 Drivers\STM32F1xx_HAL_Driver\Src\stm32f1xx_hal_cortex.o
                0x080010f4                HAL_NVIC_SetPriority
 .text.HAL_NVIC_EnableIRQ
                0x0800115c       0x1c Drivers\STM32F1xx_HAL_Driver\Src\stm32f1xx_hal_cortex.o
                0x0800115c                HAL_NVIC_EnableIRQ
 .text.HAL_SYSTICK_Config
                0x08001178       0x2c Drivers\STM32F1xx_HAL_Driver\Src\stm32f1xx_hal_cortex.o
                0x08001178                HAL_SYSTICK_Config
 .text.HAL_DMA_Init
                0x080011a4       0x60 Drivers\STM32F1xx_HAL_Driver\Src\stm32f1xx_hal_dma.o
                0x080011a4                HAL_DMA_Init
 .text.HAL_DMA_Start_IT
                0x08001204       0x7a Drivers\STM32F1xx_HAL_Driver\Src\stm32f1xx_hal_dma.o
                0x08001204                HAL_DMA_Start_IT
 *fill*         0x0800127e        0x2 
 .text.HAL_DMA_IRQHandler
                0x08001280      0x128 Drivers\STM32F1xx_HAL_Driver\Src\stm32f1xx_hal_dma.o
                0x08001280                HAL_DMA_IRQHandler
 .text.HAL_GPIO_Init
                0x080013a8      0x1c4 Drivers\STM32F1xx_HAL_Driver\Src\stm32f1xx_hal_gpio.o
                0x080013a8                HAL_GPIO_Init
 .text.HAL_GPIO_WritePin
                0x0800156c        0xa Drivers\STM32F1xx_HAL_Driver\Src\stm32f1xx_hal_gpio.o
                0x0800156c                HAL_GPIO_WritePin
 .text.HAL_GPIO_EXTI_Callback
                0x08001576        0x2 Drivers\STM32F1xx_HAL_Driver\Src\stm32f1xx_hal_gpio.o
                0x08001576                HAL_GPIO_EXTI_Callback
 .text.HAL_GPIO_EXTI_IRQHandler
                0x08001578       0x18 Drivers\STM32F1xx_HAL_Driver\Src\stm32f1xx_hal_gpio.o
                0x08001578                HAL_GPIO_EXTI_IRQHandler
 .text.HAL_RCC_OscConfig
                0x08001590      0x33c Drivers\STM32F1xx_HAL_Driver\Src\stm32f1xx_hal_rcc.o
                0x08001590                HAL_RCC_OscConfig
 .text.HAL_RCC_GetSysClockFreq
                0x080018cc       0x78 Drivers\STM32F1xx_HAL_Driver\Src\stm32f1xx_hal_rcc.o
                0x080018cc                HAL_RCC_GetSysClockFreq
 .text.HAL_RCC_ClockConfig
                0x08001944      0x13c Drivers\STM32F1xx_HAL_Driver\Src\stm32f1xx_hal_rcc.o
                0x08001944                HAL_RCC_ClockConfig
 .text.HAL_RCC_GetPCLK1Freq
                0x08001a80       0x20 Drivers\STM32F1xx_HAL_Driver\Src\stm32f1xx_hal_rcc.o
                0x08001a80                HAL_RCC_GetPCLK1Freq
 .text.HAL_RCC_GetPCLK2Freq
                0x08001aa0       0x20 Drivers\STM32F1xx_HAL_Driver\Src\stm32f1xx_hal_rcc.o
                0x08001aa0                HAL_RCC_GetPCLK2Freq
 .text.HAL_RCCEx_PeriphCLKConfig
                0x08001ac0       0xf0 Drivers\STM32F1xx_HAL_Driver\Src\stm32f1xx_hal_rcc_ex.o
                0x08001ac0                HAL_RCCEx_PeriphCLKConfig
 .text.TIM_OC1_SetConfig
                0x08001bb0       0x50 Drivers\STM32F1xx_HAL_Driver\Src\stm32f1xx_hal_tim.o
 .text.TIM_OC3_SetConfig
                0x08001c00       0x54 Drivers\STM32F1xx_HAL_Driver\Src\stm32f1xx_hal_tim.o
 .text.TIM_OC4_SetConfig
                0x08001c54       0x44 Drivers\STM32F1xx_HAL_Driver\Src\stm32f1xx_hal_tim.o
 .text.HAL_TIM_Base_Start
                0x08001c98       0x24 Drivers\STM32F1xx_HAL_Driver\Src\stm32f1xx_hal_tim.o
                0x08001c98                HAL_TIM_Base_Start
 .text.TIM_Base_SetConfig
                0x08001cbc       0x70 Drivers\STM32F1xx_HAL_Driver\Src\stm32f1xx_hal_tim.o
                0x08001cbc                TIM_Base_SetConfig
 .text.HAL_TIM_Base_Init
                0x08001d2c       0x34 Drivers\STM32F1xx_HAL_Driver\Src\stm32f1xx_hal_tim.o
                0x08001d2c                HAL_TIM_Base_Init
 .text.HAL_TIM_OC_Init
                0x08001d60       0x34 Drivers\STM32F1xx_HAL_Driver\Src\stm32f1xx_hal_tim.o
                0x08001d60                HAL_TIM_OC_Init
 .text.TIM_OC2_SetConfig
                0x08001d94       0x58 Drivers\STM32F1xx_HAL_Driver\Src\stm32f1xx_hal_tim.o
                0x08001d94                TIM_OC2_SetConfig
 .text.HAL_TIM_OC_ConfigChannel
                0x08001dec       0x5c Drivers\STM32F1xx_HAL_Driver\Src\stm32f1xx_hal_tim.o
                0x08001dec                HAL_TIM_OC_ConfigChannel
 .text.TIM_ETR_SetConfig
                0x08001e48       0x14 Drivers\STM32F1xx_HAL_Driver\Src\stm32f1xx_hal_tim.o
                0x08001e48                TIM_ETR_SetConfig
 .text.HAL_TIM_ConfigClockSource
                0x08001e5c      0x128 Drivers\STM32F1xx_HAL_Driver\Src\stm32f1xx_hal_tim.o
                0x08001e5c                HAL_TIM_ConfigClockSource
 .text.HAL_TIMEx_MasterConfigSynchronization
                0x08001f84       0x3c Drivers\STM32F1xx_HAL_Driver\Src\stm32f1xx_hal_tim_ex.o
                0x08001f84                HAL_TIMEx_MasterConfigSynchronization
 .text.UART_SetConfig
                0x08001fc0       0x74 Drivers\STM32F1xx_HAL_Driver\Src\stm32f1xx_hal_uart.o
 .text.HAL_UART_Init
                0x08002034       0x5c Drivers\STM32F1xx_HAL_Driver\Src\stm32f1xx_hal_uart.o
                0x08002034                HAL_UART_Init
 .text.Reset_Handler
                0x08002090       0x48 startup\startup_stm32f103xb.o
                0x08002090                Reset_Handler
 .text.Default_Handler
                0x080020d8        0x2 startup\startup_stm32f103xb.o
                0x080020d8                RTC_Alarm_IRQHandler
                0x080020d8                EXTI2_IRQHandler
                0x080020d8                TIM1_CC_IRQHandler
                0x080020d8                PVD_IRQHandler
                0x080020d8                EXTI3_IRQHandler
                0x080020d8                EXTI0_IRQHandler
                0x080020d8                I2C2_EV_IRQHandler
                0x080020d8                ADC1_2_IRQHandler
                0x080020d8                SPI1_IRQHandler
                0x080020d8                TAMPER_IRQHandler
                0x080020d8                DMA1_Channel4_IRQHandler
                0x080020d8                USART3_IRQHandler
                0x080020d8                RTC_IRQHandler
                0x080020d8                DMA1_Channel7_IRQHandler
                0x080020d8                CAN1_RX1_IRQHandler
                0x080020d8                TIM4_IRQHandler
                0x080020d8                I2C1_EV_IRQHandler
                0x080020d8                DMA1_Channel6_IRQHandler
                0x080020d8                TIM3_IRQHandler
                0x080020d8                RCC_IRQHandler
                0x080020d8                TIM1_TRG_COM_IRQHandler
                0x080020d8                Default_Handler
                0x080020d8                EXTI9_5_IRQHandler
                0x080020d8                SPI2_IRQHandler
                0x080020d8                DMA1_Channel5_IRQHandler
                0x080020d8                EXTI4_IRQHandler
                0x080020d8                USB_LP_CAN1_RX0_IRQHandler
                0x080020d8                USB_HP_CAN1_TX_IRQHandler
                0x080020d8                DMA1_Channel3_IRQHandler
                0x080020d8                TIM1_UP_IRQHandler
                0x080020d8                WWDG_IRQHandler
                0x080020d8                TIM2_IRQHandler
                0x080020d8                TIM1_BRK_IRQHandler
                0x080020d8                EXTI1_IRQHandler
                0x080020d8                USART2_IRQHandler
                0x080020d8                I2C2_ER_IRQHandler
                0x080020d8                DMA1_Channel2_IRQHandler
                0x080020d8                CAN1_SCE_IRQHandler
                0x080020d8                FLASH_IRQHandler
                0x080020d8                USART1_IRQHandler
                0x080020d8                I2C1_ER_IRQHandler
                0x080020d8                USBWakeUp_IRQHandler
 *fill*         0x080020da        0x2 
 .text.__libc_init_array
                0x080020dc       0x48 d:/program files/atollic/truestudio for stm32 9.3.0/armtools/bin/../lib/gcc/arm-atollic-eabi/6.3.1/../../../../arm-atollic-eabi/lib/armv7-m\libc_nano.a(lib_a-init.o)
                0x080020dc                __libc_init_array
 .text.memset   0x08002124       0x10 d:/program files/atollic/truestudio for stm32 9.3.0/armtools/bin/../lib/gcc/arm-atollic-eabi/6.3.1/../../../../arm-atollic-eabi/lib/armv7-m\libc_nano.a(lib_a-memset.o)
                0x08002124                memset
 *(.glue_7)
 .glue_7        0x08002134        0x0 linker stubs
 *(.glue_7t)
 .glue_7t       0x08002134        0x0 linker stubs
 *(.eh_frame)
 .eh_frame      0x08002134        0x0 d:/program files/atollic/truestudio for stm32 9.3.0/armtools/bin/../lib/gcc/arm-atollic-eabi/6.3.1/armv7-m/crtbegin.o
 *(.init)
 .init          0x08002134        0x4 d:/program files/atollic/truestudio for stm32 9.3.0/armtools/bin/../lib/gcc/arm-atollic-eabi/6.3.1/armv7-m/crti.o
                0x08002134                _init
 .init          0x08002138        0x8 d:/program files/atollic/truestudio for stm32 9.3.0/armtools/bin/../lib/gcc/arm-atollic-eabi/6.3.1/armv7-m/crtn.o
 *(.fini)
 .fini          0x08002140        0x4 d:/program files/atollic/truestudio for stm32 9.3.0/armtools/bin/../lib/gcc/arm-atollic-eabi/6.3.1/armv7-m/crti.o
                0x08002140                _fini
 .fini          0x08002144        0x8 d:/program files/atollic/truestudio for stm32 9.3.0/armtools/bin/../lib/gcc/arm-atollic-eabi/6.3.1/armv7-m/crtn.o
                0x0800214c                . = ALIGN (0x4)
                0x0800214c                _etext = .

.vfp11_veneer   0x0800214c        0x0
 .vfp11_veneer  0x0800214c        0x0 linker stubs

.v4_bx          0x0800214c        0x0
 .v4_bx         0x0800214c        0x0 linker stubs

.iplt           0x0800214c        0x0
 .iplt          0x0800214c        0x0 d:/program files/atollic/truestudio for stm32 9.3.0/armtools/bin/../lib/gcc/arm-atollic-eabi/6.3.1/armv7-m/crtbegin.o

.rodata         0x0800214c       0x28
                0x0800214c                . = ALIGN (0x4)
 *(.rodata)
 .rodata        0x0800214c       0x10 Drivers\STM32F1xx_HAL_Driver\Src\stm32f1xx_hal_rcc.o
 *(.rodata*)
 .rodata.AHBPrescTable
                0x0800215c       0x10 Core\Src\system_stm32f1xx.o
                0x0800215c                AHBPrescTable
 .rodata.APBPrescTable
                0x0800216c        0x8 Core\Src\system_stm32f1xx.o
                0x0800216c                APBPrescTable
                0x08002174                . = ALIGN (0x4)

.rel.dyn        0x08002174        0x0
 .rel.iplt      0x08002174        0x0 d:/program files/atollic/truestudio for stm32 9.3.0/armtools/bin/../lib/gcc/arm-atollic-eabi/6.3.1/armv7-m/crtbegin.o

.ARM.extab
 *(.ARM.extab* .gnu.linkonce.armextab.*)

.ARM            0x08002174        0x0
                0x08002174                __exidx_start = .
 *(.ARM.exidx*)
                0x08002174                __exidx_end = .

.preinit_array  0x08002174        0x0
                0x08002174                PROVIDE (__preinit_array_start, .)
 *(.preinit_array*)
                0x08002174                PROVIDE (__preinit_array_end, .)

.init_array     0x08002174        0x4
                0x08002174                PROVIDE (__init_array_start, .)
 *(SORT(.init_array.*))
 *(.init_array*)
 .init_array    0x08002174        0x4 d:/program files/atollic/truestudio for stm32 9.3.0/armtools/bin/../lib/gcc/arm-atollic-eabi/6.3.1/armv7-m/crtbegin.o
                0x08002178                PROVIDE (__init_array_end, .)

.fini_array     0x08002178        0x4
                [!provide]                PROVIDE (__fini_array_start, .)
 *(SORT(.fini_array.*))
 *(.fini_array*)
 .fini_array    0x08002178        0x4 d:/program files/atollic/truestudio for stm32 9.3.0/armtools/bin/../lib/gcc/arm-atollic-eabi/6.3.1/armv7-m/crtbegin.o
                [!provide]                PROVIDE (__fini_array_end, .)
                0x0800217c                _sidata = LOADADDR (.data)

.data           0x20000000       0x10 load address 0x0800217c
                0x20000000                . = ALIGN (0x4)
                0x20000000                _sdata = .
 *(.data)
 *(.data*)
 .data.cons     0x20000000        0x1 Core\Src\main.o
                0x20000000                cons
 *fill*         0x20000001        0x3 
 .data.SystemCoreClock
                0x20000004        0x4 Core\Src\system_stm32f1xx.o
                0x20000004                SystemCoreClock
 .data.uwTickFreq
                0x20000008        0x1 Drivers\STM32F1xx_HAL_Driver\Src\stm32f1xx_hal.o
                0x20000008                uwTickFreq
 *fill*         0x20000009        0x3 
 .data.uwTickPrio
                0x2000000c        0x4 Drivers\STM32F1xx_HAL_Driver\Src\stm32f1xx_hal.o
                0x2000000c                uwTickPrio
                0x20000010                . = ALIGN (0x4)
                0x20000010                _edata = .

.igot.plt       0x20000010        0x0 load address 0x0800218c
 .igot.plt      0x20000010        0x0 d:/program files/atollic/truestudio for stm32 9.3.0/armtools/bin/../lib/gcc/arm-atollic-eabi/6.3.1/armv7-m/crtbegin.o
                0x20000010                . = ALIGN (0x4)

.bss            0x20000010      0x170 load address 0x0800218c
                0x20000010                _sbss = .
                0x20000010                __bss_start__ = _sbss
 *(.bss)
 .bss           0x20000010       0x1c d:/program files/atollic/truestudio for stm32 9.3.0/armtools/bin/../lib/gcc/arm-atollic-eabi/6.3.1/armv7-m/crtbegin.o
 *(.bss*)
 .bss.arytmetyczna
                0x2000002c        0x4 Core\Src\main.o
                0x2000002c                arytmetyczna
 .bss.c         0x20000030        0x4 Core\Src\main.o
                0x20000030                c
 .bss.count     0x20000034        0x1 Core\Src\main.o
                0x20000034                count
 *fill*         0x20000035        0x3 
 .bss.pomiar    0x20000038        0x4 Core\Src\main.o
                0x20000038                pomiar
 .bss.prev      0x2000003c        0x4 Core\Src\main.o
                0x2000003c                prev
 .bss.srednia   0x20000040        0x4 Core\Src\main.o
                0x20000040                srednia
 *(COMMON)
 COMMON         0x20000044       0x74 Core\Src\adc.o
                0x20000044                hadc1
                0x20000074                hdma_adc1
 COMMON         0x200000b8        0x4 Core\Src\main.o
                0x200000b8                wynik
 COMMON         0x200000bc       0x80 Core\Src\tim.o
                0x200000bc                htim4
                0x200000fc                htim3
 COMMON         0x2000013c       0x40 Core\Src\usart.o
                0x2000013c                huart2
 COMMON         0x2000017c        0x4 Drivers\STM32F1xx_HAL_Driver\Src\stm32f1xx_hal.o
                0x2000017c                uwTick
                0x20000180                . = ALIGN (0x4)
                0x20000180                _ebss = .
                0x20000180                __bss_end__ = _ebss

._user_heap_stack
                0x20000180      0x600 load address 0x0800218c
                0x20000180                . = ALIGN (0x4)
                0x20000180                PROVIDE (end, .)
                [!provide]                PROVIDE (_end, .)
                0x20000380                . = (. + _Min_Heap_Size)
 *fill*         0x20000180      0x200 
                0x20000780                . = (. + _Min_Stack_Size)
 *fill*         0x20000380      0x400 
                0x20000780                . = ALIGN (0x4)

/DISCARD/
 libc.a(*)
 libm.a(*)
 libgcc.a(*)

.ARM.attributes
                0x00000000       0x29
 *(.ARM.attributes)
 .ARM.attributes
                0x00000000       0x1d d:/program files/atollic/truestudio for stm32 9.3.0/armtools/bin/../lib/gcc/arm-atollic-eabi/6.3.1/armv7-m/crti.o
 .ARM.attributes
                0x0000001d       0x2d d:/program files/atollic/truestudio for stm32 9.3.0/armtools/bin/../lib/gcc/arm-atollic-eabi/6.3.1/armv7-m/crtbegin.o
 .ARM.attributes
                0x0000004a       0x33 Core\Src\adc.o
 .ARM.attributes
                0x0000007d       0x33 Core\Src\dma.o
 .ARM.attributes
                0x000000b0       0x33 Core\Src\gpio.o
 .ARM.attributes
                0x000000e3       0x33 Core\Src\main.o
 .ARM.attributes
                0x00000116       0x33 Core\Src\stm32f1xx_hal_msp.o
 .ARM.attributes
                0x00000149       0x33 Core\Src\stm32f1xx_it.o
 .ARM.attributes
                0x0000017c       0x33 Core\Src\system_stm32f1xx.o
 .ARM.attributes
                0x000001af       0x33 Core\Src\tim.o
 .ARM.attributes
                0x000001e2       0x33 Core\Src\usart.o
 .ARM.attributes
                0x00000215       0x33 Drivers\STM32F1xx_HAL_Driver\Src\stm32f1xx_hal.o
 .ARM.attributes
                0x00000248       0x33 Drivers\STM32F1xx_HAL_Driver\Src\stm32f1xx_hal_adc.o
 .ARM.attributes
                0x0000027b       0x33 Drivers\STM32F1xx_HAL_Driver\Src\stm32f1xx_hal_cortex.o
 .ARM.attributes
                0x000002ae       0x33 Drivers\STM32F1xx_HAL_Driver\Src\stm32f1xx_hal_dma.o
 .ARM.attributes
                0x000002e1       0x33 Drivers\STM32F1xx_HAL_Driver\Src\stm32f1xx_hal_gpio.o
 .ARM.attributes
                0x00000314       0x33 Drivers\STM32F1xx_HAL_Driver\Src\stm32f1xx_hal_rcc.o
 .ARM.attributes
                0x00000347       0x33 Drivers\STM32F1xx_HAL_Driver\Src\stm32f1xx_hal_rcc_ex.o
 .ARM.attributes
                0x0000037a       0x33 Drivers\STM32F1xx_HAL_Driver\Src\stm32f1xx_hal_tim.o
 .ARM.attributes
                0x000003ad       0x33 Drivers\STM32F1xx_HAL_Driver\Src\stm32f1xx_hal_tim_ex.o
 .ARM.attributes
                0x000003e0       0x33 Drivers\STM32F1xx_HAL_Driver\Src\stm32f1xx_hal_uart.o
 .ARM.attributes
                0x00000413       0x21 startup\startup_stm32f103xb.o
 .ARM.attributes
                0x00000434       0x2d d:/program files/atollic/truestudio for stm32 9.3.0/armtools/bin/../lib/gcc/arm-atollic-eabi/6.3.1/../../../../arm-atollic-eabi/lib/armv7-m\libc_nano.a(lib_a-init.o)
 .ARM.attributes
                0x00000461       0x2d d:/program files/atollic/truestudio for stm32 9.3.0/armtools/bin/../lib/gcc/arm-atollic-eabi/6.3.1/../../../../arm-atollic-eabi/lib/armv7-m\libc_nano.a(lib_a-memset.o)
 .ARM.attributes
                0x0000048e       0x1d d:/program files/atollic/truestudio for stm32 9.3.0/armtools/bin/../lib/gcc/arm-atollic-eabi/6.3.1/armv7-m\libgcc.a(_arm_addsubsf3.o)
 .ARM.attributes
                0x000004ab       0x1d d:/program files/atollic/truestudio for stm32 9.3.0/armtools/bin/../lib/gcc/arm-atollic-eabi/6.3.1/armv7-m\libgcc.a(_arm_muldivsf3.o)
 .ARM.attributes
                0x000004c8       0x1d d:/program files/atollic/truestudio for stm32 9.3.0/armtools/bin/../lib/gcc/arm-atollic-eabi/6.3.1/armv7-m/crtn.o
OUTPUT(srednia.elf elf32-littlearm)

.debug_info     0x00000000     0xddd0
 .debug_info    0x00000000      0x91c Core\Src\adc.o
 .debug_info    0x0000091c      0x3b6 Core\Src\dma.o
 .debug_info    0x00000cd2      0x5f3 Core\Src\gpio.o
 .debug_info    0x000012c5      0xe24 Core\Src\main.o
 .debug_info    0x000020e9      0x2c0 Core\Src\stm32f1xx_hal_msp.o
 .debug_info    0x000023a9      0x499 Core\Src\stm32f1xx_it.o
 .debug_info    0x00002842      0x437 Core\Src\system_stm32f1xx.o
 .debug_info    0x00002c79      0xa34 Core\Src\tim.o
 .debug_info    0x000036ad      0x852 Core\Src\usart.o
 .debug_info    0x00003eff      0x7cd Drivers\STM32F1xx_HAL_Driver\Src\stm32f1xx_hal.o
 .debug_info    0x000046cc      0xea0 Drivers\STM32F1xx_HAL_Driver\Src\stm32f1xx_hal_adc.o
 .debug_info    0x0000556c      0xca7 Drivers\STM32F1xx_HAL_Driver\Src\stm32f1xx_hal_cortex.o
 .debug_info    0x00006213      0x837 Drivers\STM32F1xx_HAL_Driver\Src\stm32f1xx_hal_dma.o
 .debug_info    0x00006a4a      0x691 Drivers\STM32F1xx_HAL_Driver\Src\stm32f1xx_hal_gpio.o
 .debug_info    0x000070db      0xa01 Drivers\STM32F1xx_HAL_Driver\Src\stm32f1xx_hal_rcc.o
 .debug_info    0x00007adc      0x48b Drivers\STM32F1xx_HAL_Driver\Src\stm32f1xx_hal_rcc_ex.o
 .debug_info    0x00007f67     0x34cc Drivers\STM32F1xx_HAL_Driver\Src\stm32f1xx_hal_tim.o
 .debug_info    0x0000b433     0x12fc Drivers\STM32F1xx_HAL_Driver\Src\stm32f1xx_hal_tim_ex.o
 .debug_info    0x0000c72f     0x1632 Drivers\STM32F1xx_HAL_Driver\Src\stm32f1xx_hal_uart.o
 .debug_info    0x0000dd61       0x6f startup\startup_stm32f103xb.o

.debug_abbrev   0x00000000     0x27be
 .debug_abbrev  0x00000000      0x1e3 Core\Src\adc.o
 .debug_abbrev  0x000001e3      0x139 Core\Src\dma.o
 .debug_abbrev  0x0000031c      0x182 Core\Src\gpio.o
 .debug_abbrev  0x0000049e      0x230 Core\Src\main.o
 .debug_abbrev  0x000006ce      0x100 Core\Src\stm32f1xx_hal_msp.o
 .debug_abbrev  0x000007ce      0x1cb Core\Src\stm32f1xx_it.o
 .debug_abbrev  0x00000999      0x12f Core\Src\system_stm32f1xx.o
 .debug_abbrev  0x00000ac8      0x1c4 Core\Src\tim.o
 .debug_abbrev  0x00000c8c      0x1eb Core\Src\usart.o
 .debug_abbrev  0x00000e77      0x24a Drivers\STM32F1xx_HAL_Driver\Src\stm32f1xx_hal.o
 .debug_abbrev  0x000010c1      0x299 Drivers\STM32F1xx_HAL_Driver\Src\stm32f1xx_hal_adc.o
 .debug_abbrev  0x0000135a      0x2f8 Drivers\STM32F1xx_HAL_Driver\Src\stm32f1xx_hal_cortex.o
 .debug_abbrev  0x00001652      0x22d Drivers\STM32F1xx_HAL_Driver\Src\stm32f1xx_hal_dma.o
 .debug_abbrev  0x0000187f      0x1e4 Drivers\STM32F1xx_HAL_Driver\Src\stm32f1xx_hal_gpio.o
 .debug_abbrev  0x00001a63      0x2c1 Drivers\STM32F1xx_HAL_Driver\Src\stm32f1xx_hal_rcc.o
 .debug_abbrev  0x00001d24      0x1c4 Drivers\STM32F1xx_HAL_Driver\Src\stm32f1xx_hal_rcc_ex.o
 .debug_abbrev  0x00001ee8      0x335 Drivers\STM32F1xx_HAL_Driver\Src\stm32f1xx_hal_tim.o
 .debug_abbrev  0x0000221d      0x29c Drivers\STM32F1xx_HAL_Driver\Src\stm32f1xx_hal_tim_ex.o
 .debug_abbrev  0x000024b9      0x2f3 Drivers\STM32F1xx_HAL_Driver\Src\stm32f1xx_hal_uart.o
 .debug_abbrev  0x000027ac       0x12 startup\startup_stm32f103xb.o

.debug_loc      0x00000000     0x6cbd
 .debug_loc     0x00000000       0x63 Core\Src\adc.o
 .debug_loc     0x00000063       0xcd Core\Src\system_stm32f1xx.o
 .debug_loc     0x00000130       0x58 Core\Src\usart.o
 .debug_loc     0x00000188      0x10c Drivers\STM32F1xx_HAL_Driver\Src\stm32f1xx_hal.o
 .debug_loc     0x00000294      0x873 Drivers\STM32F1xx_HAL_Driver\Src\stm32f1xx_hal_adc.o
 .debug_loc     0x00000b07      0x487 Drivers\STM32F1xx_HAL_Driver\Src\stm32f1xx_hal_cortex.o
 .debug_loc     0x00000f8e      0x5ed Drivers\STM32F1xx_HAL_Driver\Src\stm32f1xx_hal_dma.o
 .debug_loc     0x0000157b      0x2f5 Drivers\STM32F1xx_HAL_Driver\Src\stm32f1xx_hal_gpio.o
 .debug_loc     0x00001870      0x478 Drivers\STM32F1xx_HAL_Driver\Src\stm32f1xx_hal_rcc.o
 .debug_loc     0x00001ce8      0x29d Drivers\STM32F1xx_HAL_Driver\Src\stm32f1xx_hal_rcc_ex.o
 .debug_loc     0x00001f85     0x2f5a Drivers\STM32F1xx_HAL_Driver\Src\stm32f1xx_hal_tim.o
 .debug_loc     0x00004edf      0xa7c Drivers\STM32F1xx_HAL_Driver\Src\stm32f1xx_hal_tim_ex.o
 .debug_loc     0x0000595b     0x1362 Drivers\STM32F1xx_HAL_Driver\Src\stm32f1xx_hal_uart.o

.debug_aranges  0x00000000      0xa80
 .debug_aranges
                0x00000000       0x30 Core\Src\adc.o
 .debug_aranges
                0x00000030       0x20 Core\Src\dma.o
 .debug_aranges
                0x00000050       0x20 Core\Src\gpio.o
 .debug_aranges
                0x00000070       0x38 Core\Src\main.o
 .debug_aranges
                0x000000a8       0x20 Core\Src\stm32f1xx_hal_msp.o
 .debug_aranges
                0x000000c8       0x58 Core\Src\stm32f1xx_it.o
 .debug_aranges
                0x00000120       0x28 Core\Src\system_stm32f1xx.o
 .debug_aranges
                0x00000148       0x48 Core\Src\tim.o
 .debug_aranges
                0x00000190       0x30 Core\Src\usart.o
 .debug_aranges
                0x000001c0       0xd8 Drivers\STM32F1xx_HAL_Driver\Src\stm32f1xx_hal.o
 .debug_aranges
                0x00000298       0xc8 Drivers\STM32F1xx_HAL_Driver\Src\stm32f1xx_hal_adc.o
 .debug_aranges
                0x00000360       0x90 Drivers\STM32F1xx_HAL_Driver\Src\stm32f1xx_hal_cortex.o
 .debug_aranges
                0x000003f0       0x78 Drivers\STM32F1xx_HAL_Driver\Src\stm32f1xx_hal_dma.o
 .debug_aranges
                0x00000468       0x58 Drivers\STM32F1xx_HAL_Driver\Src\stm32f1xx_hal_gpio.o
 .debug_aranges
                0x000004c0       0x88 Drivers\STM32F1xx_HAL_Driver\Src\stm32f1xx_hal_rcc.o
 .debug_aranges
                0x00000548       0x30 Drivers\STM32F1xx_HAL_Driver\Src\stm32f1xx_hal_rcc_ex.o
 .debug_aranges
                0x00000578      0x278 Drivers\STM32F1xx_HAL_Driver\Src\stm32f1xx_hal_tim.o
 .debug_aranges
                0x000007f0       0xf8 Drivers\STM32F1xx_HAL_Driver\Src\stm32f1xx_hal_tim_ex.o
 .debug_aranges
                0x000008e8      0x170 Drivers\STM32F1xx_HAL_Driver\Src\stm32f1xx_hal_uart.o
 .debug_aranges
                0x00000a58       0x28 startup\startup_stm32f103xb.o

.debug_ranges   0x00000000      0xce8
 .debug_ranges  0x00000000       0x58 Core\Src\adc.o
 .debug_ranges  0x00000058       0x40 Core\Src\dma.o
 .debug_ranges  0x00000098       0x88 Core\Src\gpio.o
 .debug_ranges  0x00000120       0x28 Core\Src\main.o
 .debug_ranges  0x00000148       0x58 Core\Src\stm32f1xx_hal_msp.o
 .debug_ranges  0x000001a0       0x48 Core\Src\stm32f1xx_it.o
 .debug_ranges  0x000001e8       0x18 Core\Src\system_stm32f1xx.o
 .debug_ranges  0x00000200       0x38 Core\Src\tim.o
 .debug_ranges  0x00000238       0x40 Core\Src\usart.o
 .debug_ranges  0x00000278       0xc8 Drivers\STM32F1xx_HAL_Driver\Src\stm32f1xx_hal.o
 .debug_ranges  0x00000340       0xb8 Drivers\STM32F1xx_HAL_Driver\Src\stm32f1xx_hal_adc.o
 .debug_ranges  0x000003f8      0x128 Drivers\STM32F1xx_HAL_Driver\Src\stm32f1xx_hal_cortex.o
 .debug_ranges  0x00000520       0xa8 Drivers\STM32F1xx_HAL_Driver\Src\stm32f1xx_hal_dma.o
 .debug_ranges  0x000005c8       0x60 Drivers\STM32F1xx_HAL_Driver\Src\stm32f1xx_hal_gpio.o
 .debug_ranges  0x00000628       0xa0 Drivers\STM32F1xx_HAL_Driver\Src\stm32f1xx_hal_rcc.o
 .debug_ranges  0x000006c8       0x40 Drivers\STM32F1xx_HAL_Driver\Src\stm32f1xx_hal_rcc_ex.o
 .debug_ranges  0x00000708      0x348 Drivers\STM32F1xx_HAL_Driver\Src\stm32f1xx_hal_tim.o
 .debug_ranges  0x00000a50       0xe8 Drivers\STM32F1xx_HAL_Driver\Src\stm32f1xx_hal_tim_ex.o
 .debug_ranges  0x00000b38      0x190 Drivers\STM32F1xx_HAL_Driver\Src\stm32f1xx_hal_uart.o
 .debug_ranges  0x00000cc8       0x20 startup\startup_stm32f103xb.o

.debug_line     0x00000000     0x5c8f
 .debug_line    0x00000000      0x2c6 Core\Src\adc.o
 .debug_line    0x000002c6      0x1f2 Core\Src\dma.o
 .debug_line    0x000004b8      0x24b Core\Src\gpio.o
 .debug_line    0x00000703      0x32c Core\Src\main.o
 .debug_line    0x00000a2f      0x1e5 Core\Src\stm32f1xx_hal_msp.o
 .debug_line    0x00000c14      0x2ac Core\Src\stm32f1xx_it.o
 .debug_line    0x00000ec0      0x221 Core\Src\system_stm32f1xx.o
 .debug_line    0x000010e1      0x2dc Core\Src\tim.o
 .debug_line    0x000013bd      0x29b Core\Src\usart.o
 .debug_line    0x00001658      0x3df Drivers\STM32F1xx_HAL_Driver\Src\stm32f1xx_hal.o
 .debug_line    0x00001a37      0x7cf Drivers\STM32F1xx_HAL_Driver\Src\stm32f1xx_hal_adc.o
 .debug_line    0x00002206      0x3da Drivers\STM32F1xx_HAL_Driver\Src\stm32f1xx_hal_cortex.o
 .debug_line    0x000025e0      0x5ef Drivers\STM32F1xx_HAL_Driver\Src\stm32f1xx_hal_dma.o
 .debug_line    0x00002bcf      0x39f Drivers\STM32F1xx_HAL_Driver\Src\stm32f1xx_hal_gpio.o
 .debug_line    0x00002f6e      0x576 Drivers\STM32F1xx_HAL_Driver\Src\stm32f1xx_hal_rcc.o
 .debug_line    0x000034e4      0x32a Drivers\STM32F1xx_HAL_Driver\Src\stm32f1xx_hal_rcc_ex.o
 .debug_line    0x0000380e     0x116d Drivers\STM32F1xx_HAL_Driver\Src\stm32f1xx_hal_tim.o
 .debug_line    0x0000497b      0x6c9 Drivers\STM32F1xx_HAL_Driver\Src\stm32f1xx_hal_tim_ex.o
 .debug_line    0x00005044      0xbce Drivers\STM32F1xx_HAL_Driver\Src\stm32f1xx_hal_uart.o
 .debug_line    0x00005c12       0x7d startup\startup_stm32f103xb.o

.debug_str      0x00000000     0x393f
 .debug_str     0x00000000      0x684 Core\Src\adc.o
                                0x71f (size before relaxing)
 .debug_str     0x00000684      0x31b Core\Src\dma.o
                                0x5b3 (size before relaxing)
 .debug_str     0x0000099f       0x4e Core\Src\gpio.o
                                0x654 (size before relaxing)
 .debug_str     0x000009ed      0x60f Core\Src\main.o
                                0xc05 (size before relaxing)
 .debug_str     0x00000ffc       0x5a Core\Src\stm32f1xx_hal_msp.o
                                0x2f2 (size before relaxing)
 .debug_str     0x00001056      0x111 Core\Src\stm32f1xx_it.o
                                0x56d (size before relaxing)
 .debug_str     0x00001167       0xa6 Core\Src\system_stm32f1xx.o
                                0x347 (size before relaxing)
 .debug_str     0x0000120d      0x1ff Core\Src\tim.o
                                0x8b6 (size before relaxing)
 .debug_str     0x0000140c       0x51 Core\Src\usart.o
                                0x73b (size before relaxing)
 .debug_str     0x0000145d      0x287 Drivers\STM32F1xx_HAL_Driver\Src\stm32f1xx_hal.o
                                0x860 (size before relaxing)
 .debug_str     0x000016e4      0x326 Drivers\STM32F1xx_HAL_Driver\Src\stm32f1xx_hal_adc.o
                                0x984 (size before relaxing)
 .debug_str     0x00001a0a      0x33f Drivers\STM32F1xx_HAL_Driver\Src\stm32f1xx_hal_cortex.o
                                0x982 (size before relaxing)
 .debug_str     0x00001d49      0x1f1 Drivers\STM32F1xx_HAL_Driver\Src\stm32f1xx_hal_dma.o
                                0x6d0 (size before relaxing)
 .debug_str     0x00001f3a       0xfc Drivers\STM32F1xx_HAL_Driver\Src\stm32f1xx_hal_gpio.o
                                0x4d3 (size before relaxing)
 .debug_str     0x00002036      0x1e5 Drivers\STM32F1xx_HAL_Driver\Src\stm32f1xx_hal_rcc.o
                                0x6bc (size before relaxing)
 .debug_str     0x0000221b       0x84 Drivers\STM32F1xx_HAL_Driver\Src\stm32f1xx_hal_rcc_ex.o
                                0x494 (size before relaxing)
 .debug_str     0x0000229f      0xcba Drivers\STM32F1xx_HAL_Driver\Src\stm32f1xx_hal_tim.o
                               0x1504 (size before relaxing)
 .debug_str     0x00002f59      0x4d8 Drivers\STM32F1xx_HAL_Driver\Src\stm32f1xx_hal_tim_ex.o
                                0xd1c (size before relaxing)
 .debug_str     0x00003431      0x50e Drivers\STM32F1xx_HAL_Driver\Src\stm32f1xx_hal_uart.o
                                0xc4c (size before relaxing)

.comment        0x00000000       0x7c
 .comment       0x00000000       0x7c Core\Src\adc.o
                                 0x7d (size before relaxing)
 .comment       0x0000007c       0x7d Core\Src\dma.o
 .comment       0x0000007c       0x7d Core\Src\gpio.o
 .comment       0x0000007c       0x7d Core\Src\main.o
 .comment       0x0000007c       0x7d Core\Src\stm32f1xx_hal_msp.o
 .comment       0x0000007c       0x7d Core\Src\stm32f1xx_it.o
 .comment       0x0000007c       0x7d Core\Src\system_stm32f1xx.o
 .comment       0x0000007c       0x7d Core\Src\tim.o
 .comment       0x0000007c       0x7d Core\Src\usart.o
 .comment       0x0000007c       0x7d Drivers\STM32F1xx_HAL_Driver\Src\stm32f1xx_hal.o
 .comment       0x0000007c       0x7d Drivers\STM32F1xx_HAL_Driver\Src\stm32f1xx_hal_adc.o
 .comment       0x0000007c       0x7d Drivers\STM32F1xx_HAL_Driver\Src\stm32f1xx_hal_cortex.o
 .comment       0x0000007c       0x7d Drivers\STM32F1xx_HAL_Driver\Src\stm32f1xx_hal_dma.o
 .comment       0x0000007c       0x7d Drivers\STM32F1xx_HAL_Driver\Src\stm32f1xx_hal_gpio.o
 .comment       0x0000007c       0x7d Drivers\STM32F1xx_HAL_Driver\Src\stm32f1xx_hal_rcc.o
 .comment       0x0000007c       0x7d Drivers\STM32F1xx_HAL_Driver\Src\stm32f1xx_hal_rcc_ex.o
 .comment       0x0000007c       0x7d Drivers\STM32F1xx_HAL_Driver\Src\stm32f1xx_hal_tim.o
 .comment       0x0000007c       0x7d Drivers\STM32F1xx_HAL_Driver\Src\stm32f1xx_hal_tim_ex.o
 .comment       0x0000007c       0x7d Drivers\STM32F1xx_HAL_Driver\Src\stm32f1xx_hal_uart.o

.debug_frame    0x00000000     0x1eb4
 .debug_frame   0x00000000       0x70 Core\Src\adc.o
 .debug_frame   0x00000070       0x28 Core\Src\dma.o
 .debug_frame   0x00000098       0x34 Core\Src\gpio.o
 .debug_frame   0x000000cc       0x7c Core\Src\main.o
 .debug_frame   0x00000148       0x28 Core\Src\stm32f1xx_hal_msp.o
 .debug_frame   0x00000170       0xcc Core\Src\stm32f1xx_it.o
 .debug_frame   0x0000023c       0x30 Core\Src\system_stm32f1xx.o
 .debug_frame   0x0000026c       0x98 Core\Src\tim.o
 .debug_frame   0x00000304       0x60 Core\Src\usart.o
 .debug_frame   0x00000364      0x1d4 Drivers\STM32F1xx_HAL_Driver\Src\stm32f1xx_hal.o
 .debug_frame   0x00000538      0x298 Drivers\STM32F1xx_HAL_Driver\Src\stm32f1xx_hal_adc.o
 .debug_frame   0x000007d0      0x120 Drivers\STM32F1xx_HAL_Driver\Src\stm32f1xx_hal_cortex.o
 .debug_frame   0x000008f0      0x144 Drivers\STM32F1xx_HAL_Driver\Src\stm32f1xx_hal_dma.o
 .debug_frame   0x00000a34       0xd4 Drivers\STM32F1xx_HAL_Driver\Src\stm32f1xx_hal_gpio.o
 .debug_frame   0x00000b08      0x150 Drivers\STM32F1xx_HAL_Driver\Src\stm32f1xx_hal_rcc.o
 .debug_frame   0x00000c58       0x6c Drivers\STM32F1xx_HAL_Driver\Src\stm32f1xx_hal_rcc_ex.o
 .debug_frame   0x00000cc4      0x928 Drivers\STM32F1xx_HAL_Driver\Src\stm32f1xx_hal_tim.o
 .debug_frame   0x000015ec      0x360 Drivers\STM32F1xx_HAL_Driver\Src\stm32f1xx_hal_tim_ex.o
 .debug_frame   0x0000194c      0x498 Drivers\STM32F1xx_HAL_Driver\Src\stm32f1xx_hal_uart.o
 .debug_frame   0x00001de4       0x2c d:/program files/atollic/truestudio for stm32 9.3.0/armtools/bin/../lib/gcc/arm-atollic-eabi/6.3.1/../../../../arm-atollic-eabi/lib/armv7-m\libc_nano.a(lib_a-init.o)
 .debug_frame   0x00001e10       0x20 d:/program files/atollic/truestudio for stm32 9.3.0/armtools/bin/../lib/gcc/arm-atollic-eabi/6.3.1/../../../../arm-atollic-eabi/lib/armv7-m\libc_nano.a(lib_a-memset.o)
 .debug_frame   0x00001e30       0x4c d:/program files/atollic/truestudio for stm32 9.3.0/armtools/bin/../lib/gcc/arm-atollic-eabi/6.3.1/armv7-m\libgcc.a(_arm_addsubsf3.o)
 .debug_frame   0x00001e7c       0x38 d:/program files/atollic/truestudio for stm32 9.3.0/armtools/bin/../lib/gcc/arm-atollic-eabi/6.3.1/armv7-m\libgcc.a(_arm_muldivsf3.o)
